src/app/components/admin/ChatbotPanel.tsx(5,38): error TS6133: 'Maximize2' is declared but its value is never read.
src/app/components/admin/EnhancedAdminDashboard.tsx(29,1): error TS6133: 'tunisiaGovernorates' is declared but its value is never read.
src/app/components/admin/PlacesManagement.tsx(7,10): error TS2305: Module '"../../data/tunisiaData"' has no exported member 'mockCases'.
src/app/components/admin/PlacesManagement.tsx(7,21): error TS2305: Module '"../../data/tunisiaData"' has no exported member 'governorates'.
src/app/components/admin/PlacesManagement.tsx(15,45): error TS7006: Parameter 'gov' implicitly has an 'any' type.
src/app/components/admin/PlacesManagement.tsx(16,39): error TS7006: Parameter 'c' implicitly has an 'any' type.
src/app/components/admin/PlacesManagement.tsx(17,37): error TS7006: Parameter 'sum' implicitly has an 'any' type.
src/app/components/admin/PlacesManagement.tsx(17,42): error TS7006: Parameter 'c' implicitly has an 'any' type.
src/app/components/admin/PlacesManagement.tsx(18,37): error TS7006: Parameter 'sum' implicitly has an 'any' type.
src/app/components/admin/PlacesManagement.tsx(18,42): error TS7006: Parameter 'c' implicitly has an 'any' type.
src/app/components/admin/PlacesManagement.tsx(26,13): error TS7006: Parameter 'gov' implicitly has an 'any' type.
src/app/components/admin/PlacesManagement.tsx(28,53): error TS7006: Parameter 'loc' implicitly has an 'any' type.
src/app/components/admin/PlacesManagement.tsx(116,41): error TS7006: Parameter 'location' implicitly has an 'any' type.
src/app/components/admin/PlacesManagement.tsx(116,51): error TS7006: Parameter 'index' implicitly has an 'any' type.
src/app/components/admin/UsersManagement.tsx(7,121): error TS6133: 'Calendar' is declared but its value is never read.
src/app/components/admin/UsersManagement.tsx(7,131): error TS6133: 'Mail' is declared but its value is never read.
src/app/components/admin/UsersManagement.tsx(7,146): error TS6133: 'PhoneIcon' is declared but its value is never read.
src/app/components/Home.tsx(3,30): error TS2307: Cannot find module '../data/mockData' or its corresponding type declarations.
src/app/components/Home.tsx(62,49): error TS7006: Parameter 'request' implicitly has an 'any' type.
src/app/components/Home.tsx(130,32): error TS7006: Parameter 'request' implicitly has an 'any' type.
src/app/components/Home.tsx(131,32): error TS7053: Element implicitly has an 'any' type because expression of type 'any' can't be used to index type '{ tutoring: ForwardRefExoticComponent<Omit<LucideProps, "ref"> & RefAttributes<SVGSVGElement>>; ... 5 more ...; other: ForwardRefExoticComponent<...>; }'.
src/app/components/Home.tsx(138,39): error TS7053: Element implicitly has an 'any' type because expression of type 'any' can't be used to index type '{ tutoring: string; food: string; transportation: string; errands: string; companionship: string; 'tech-help': string; other: string; }'.
src/app/components/Home.tsx(142,39): error TS7053: Element implicitly has an 'any' type because expression of type 'any' can't be used to index type '{ low: string; medium: string; high: string; }'.
src/app/components/Profile.tsx(2,41): error TS2307: Cannot find module '../data/mockData' or its corresponding type declarations.
src/app/components/Profile.tsx(37,45): error TS7006: Parameter 'r' implicitly has an 'any' type.
src/app/components/Profile.tsx(122,33): error TS7006: Parameter 'skill' implicitly has an 'any' type.
src/app/components/Profile.tsx(148,34): error TS7006: Parameter 'request' implicitly has an 'any' type.
src/app/components/RequestDetail.tsx(2,30): error TS2307: Cannot find module '../data/mockData' or its corresponding type declarations.
src/app/components/RequestDetail.tsx(26,38): error TS7006: Parameter 'r' implicitly has an 'any' type.
src/app/components/RequestDetail.tsx(71,31): error TS7053: Element implicitly has an 'any' type because expression of type 'any' can't be used to index type '{ low: string; medium: string; high: string; }'.
src/app/components/RequestDetail.tsx(145,37): error TS7006: Parameter 'helper' implicitly has an 'any' type.
src/app/components/Root.tsx(73,19): error TS2345: Argument of type '["welcome_user", { name: string; }, { defaultValue: `Welcome, ${string}`; }]' is not assignable to parameter of type '[key: string | TemplateStringsArray | (string | TemplateStringsArray)[], options?: ({ readonly defaultValue: `Welcome, ${string}`; } & { context?: unknown; }) | undefined] | [key: ...] | [key: ...]'.
  Type '["welcome_user", { name: string; }, { defaultValue: `Welcome, ${string}`; }]' is not assignable to type '[key: string | string[], defaultValue: string, options?: ({ readonly defaultValue: `Welcome, ${string}`; } & $Dictionary) | undefined]'.
    Type at position 1 in source is not compatible with type at position 1 in target.
      Type '{ name: string; }' is not assignable to type 'string'.
src/app/components/touneshelp/admin/AdminCases.tsx(9,3): error TS6133: 'Eye' is declared but its value is never read.
src/app/components/touneshelp/admin/AdminCases.tsx(10,3): error TS6133: 'Edit2' is declared but its value is never read.
src/app/components/touneshelp/admin/AdminCases.tsx(322,33): error TS2339: Property 'createdAt' does not exist on type 'TunisiaCase'.
src/app/components/touneshelp/admin/AdminCases.tsx(323,45): error TS2339: Property 'createdAt' does not exist on type 'TunisiaCase'.
src/app/components/touneshelp/admin/AdminCases.tsx(335,36): error TS2551: Property 'assignedToId' does not exist on type 'TunisiaCase'. Did you mean 'assignedTo'?
src/app/components/touneshelp/admin/AdminChatbot.tsx(6,1): error TS6133: 'Label' is declared but its value is never read.
src/app/components/touneshelp/admin/AdminChatbot.tsx(7,1): error TS6133: 'Textarea' is declared but its value is never read.
src/app/components/touneshelp/admin/AdminChatbot.tsx(8,10): error TS6133: 'MessageSquare' is declared but its value is never read.
src/app/components/touneshelp/admin/AdminLayout.tsx(15,1): error TS6133: 'Badge' is declared but its value is never read.
src/app/components/touneshelp/admin/AdminSettings.tsx(7,1): error TS6133: 'Badge' is declared but its value is never read.
src/app/components/touneshelp/admin/AdminSettings.tsx(9,3): error TS6133: 'Settings' is declared but its value is never read.
src/app/components/touneshelp/admin/AdminStats.tsx(6,27): error TS6133: 'MapPin' is declared but its value is never read.
src/app/components/touneshelp/admin/AdminStats.tsx(6,54): error TS6133: 'Activity' is declared but its value is never read.
src/app/components/touneshelp/admin/AdminUsers.tsx(20,3): error TS6133: 'SheetDescription' is declared but its value is never read.
src/app/components/touneshelp/CaseDetailPage.tsx(131,54): error TS2339: Property 'videoUrl' does not exist on type 'TunisiaCase'.
src/app/components/touneshelp/CaseDetailPage.tsx(143,29): error TS2339: Property 'videoUrl' does not exist on type 'TunisiaCase'.
src/app/components/touneshelp/CaseDetailPage.tsx(146,39): error TS2339: Property 'videoUrl' does not exist on type 'TunisiaCase'.
src/app/components/touneshelp/CasesPage.tsx(67,9): error TS6133: 'suggestedCases' is declared but its value is never read.
src/app/components/touneshelp/CreateCasePage.tsx(16,1): error TS6133: 'Progress' is declared but its value is never read.
src/app/components/touneshelp/CreateCasePage.tsx(91,10): error TS6133: 'previewExpanded' is declared but its value is never read.
src/app/components/touneshelp/CreateCasePage.tsx(91,27): error TS6133: 'setPreviewExpanded' is declared but its value is never read.
src/app/components/touneshelp/CreateCasePage.tsx(105,9): error TS6133: 'tunisiaCenter' is declared but its value is never read.
src/app/components/touneshelp/CreateCasePage.tsx(171,9): error TS6133: 'failCount' is declared but its value is never read.
src/app/components/touneshelp/CreateCasePage.tsx(265,9): error TS6133: 'progress' is declared but its value is never read.
src/app/components/touneshelp/RabbitChatbot.tsx(7,10): error TS6133: 'sendChatbotMessage' is declared but its value is never read.
src/app/components/touneshelp/RegisterPage.tsx(8,23): error TS6133: 'Check' is declared but its value is never read.
src/app/components/touneshelp/TounesHelpRoot.tsx(4,20): error TS6133: 'useEffect' is declared but its value is never read.
src/app/components/touneshelp/TounesHelpRoot.tsx(8,3): error TS6133: 'LanguageTranslatorCompact' is declared but its value is never read.
src/app/components/touneshelp/TounesHelpRoot.tsx(25,9): error TS6133: 'handleLogout' is declared but its value is never read.
src/app/components/touneshelp/TunisiaMap.tsx(33,47): error TS2367: This comparison appears to be unintentional because the types '"AIzaSyAmk4IjHlJsQb8gchi-9SXxRD0vGaCsxaI"' and '"YOUR_GOOGLE_MAPS_API_KEY"' have no overlap.
src/app/components/touneshelp/TunisiaMap.tsx(84,10): error TS6133: 'map' is declared but its value is never read.
src/app/components/touneshelp/UserDashboard.tsx(1,40): error TS6133: 'useCallback' is declared but its value is never read.
src/app/components/touneshelp/UserDashboard.tsx(616,15): error TS6133: 'circumference' is declared but its value is never read.
src/app/lib/auth.tsx(1,8): error TS6133: 'React' is declared but its value is never read.
